// Jest Snapshot v1, https://goo.gl/fbAQLP

exports[`NonfungiblePositionManager #createAndInitializePoolIfNecessary gas 1`] = `122715`;

exports[`NonfungiblePositionManager bytecode size 1`] = `24569`;
