// Jest Snapshot v1, https://goo.gl/fbAQLP

exports[`SwapRouter gas tests #exactInput 0 -> 1 -> 2 1`] = `178667`;

exports[`SwapRouter gas tests #exactInput 0 -> 1 1`] = `108598`;

exports[`SwapRouter gas tests #exactInput 0 -> 1 minimal 1`] = `101235`;

exports[`SwapRouter gas tests #exactInput 0 -> WETH9 1`] = `128532`;

exports[`SwapRouter gas tests #exactInput 2 trades (via router) 1`] = `195128`;

exports[`SwapRouter gas tests #exactInput 3 trades (directly to sender) 1`] = `265184`;

exports[`SwapRouter gas tests #exactInput WETH9 -> 0 1`] = `111970`;

exports[`SwapRouter gas tests #exactInputSingle 0 -> 1 1`] = `108052`;

exports[`SwapRouter gas tests #exactInputSingle 0 -> WETH9 1`] = `127980`;

exports[`SwapRouter gas tests #exactInputSingle WETH9 -> 0 1`] = `111424`;

exports[`SwapRouter gas tests #exactOutput 0 -> 1 -> 2 1`] = `175529`;

exports[`SwapRouter gas tests #exactOutput 0 -> 1 1`] = `112581`;

exports[`SwapRouter gas tests #exactOutput 0 -> WETH9 1`] = `130539`;

exports[`SwapRouter gas tests #exactOutput WETH9 -> 0 1`] = `124820`;

exports[`SwapRouter gas tests #exactOutputSingle 0 -> 1 1`] = `112773`;

exports[`SwapRouter gas tests #exactOutputSingle 0 -> WETH9 1`] = `130731`;

exports[`SwapRouter gas tests #exactOutputSingle WETH9 -> 0 1`] = `119477`;

exports[`SwapRouter gas tests 3 trades (directly to sender) 1`] = `185689`;
